[2024-11-14T09:28:23.881+0000][gc,init] CardTable entry size: 512
[2024-11-14T09:28:23.881+0000][gc     ] Using G1
[2024-11-14T09:28:23.887+0000][gc,init] Version: 21.0.4+7-LTS (release)
[2024-11-14T09:28:23.887+0000][gc,init] CPUs: 2 total, 2 available
[2024-11-14T09:28:23.887+0000][gc,init] Memory: 7928M
[2024-11-14T09:28:23.887+0000][gc,init] Large Page Support: Disabled
[2024-11-14T09:28:23.887+0000][gc,init] NUMA Support: Disabled
[2024-11-14T09:28:23.887+0000][gc,init] Compressed Oops: Enabled (32-bit)
[2024-11-14T09:28:23.887+0000][gc,init] Heap Region Size: 1M
[2024-11-14T09:28:23.887+0000][gc,init] Heap Min Capacity: 1G
[2024-11-14T09:28:23.887+0000][gc,init] Heap Initial Capacity: 1G
[2024-11-14T09:28:23.887+0000][gc,init] Heap Max Capacity: 1G
[2024-11-14T09:28:23.887+0000][gc,init] Pre-touch: Disabled
[2024-11-14T09:28:23.887+0000][gc,init] Parallel Workers: 2
[2024-11-14T09:28:23.887+0000][gc,init] Concurrent Workers: 1
[2024-11-14T09:28:23.887+0000][gc,init] Concurrent Refinement Workers: 2
[2024-11-14T09:28:23.887+0000][gc,init] Periodic GC: Disabled
[2024-11-14T09:28:23.893+0000][gc,metaspace] CDS archive(s) mapped at: [0x000079d6a7000000-0x000079d6a7cae000-0x000079d6a7cae000), size 13295616, SharedBaseAddress: 0x000079d6a7000000, ArchiveRelocationMode: 1.
[2024-11-14T09:28:23.893+0000][gc,metaspace] Compressed class space mapped at: 0x000079d6a8000000-0x000079d6e8000000, reserved size: 1073741824
[2024-11-14T09:28:23.893+0000][gc,metaspace] Narrow klass base: 0x000079d6a7000000, Narrow klass shift: 0, Narrow klass range: 0x100000000
[2024-11-14T09:28:25.381+0000][gc,start    ] GC(0) Pause Young (Normal) (G1 Evacuation Pause)
[2024-11-14T09:28:25.381+0000][gc,task     ] GC(0) Using 2 workers of 2 for evacuation
[2024-11-14T09:28:25.390+0000][gc,phases   ] GC(0)   Pre Evacuate Collection Set: 0.2ms
[2024-11-14T09:28:25.390+0000][gc,phases   ] GC(0)   Merge Heap Roots: 0.0ms
[2024-11-14T09:28:25.390+0000][gc,phases   ] GC(0)   Evacuate Collection Set: 7.9ms
[2024-11-14T09:28:25.390+0000][gc,phases   ] GC(0)   Post Evacuate Collection Set: 0.5ms
[2024-11-14T09:28:25.390+0000][gc,phases   ] GC(0)   Other: 0.1ms
[2024-11-14T09:28:25.390+0000][gc,heap     ] GC(0) Eden regions: 51->0(44)
[2024-11-14T09:28:25.390+0000][gc,heap     ] GC(0) Survivor regions: 0->7(7)
[2024-11-14T09:28:25.390+0000][gc,heap     ] GC(0) Old regions: 2->2
[2024-11-14T09:28:25.390+0000][gc,heap     ] GC(0) Humongous regions: 0->0
[2024-11-14T09:28:25.390+0000][gc,metaspace] GC(0) Metaspace: 19795K(20032K)->19795K(20032K) NonClass: 17245K(17408K)->17245K(17408K) Class: 2550K(2624K)->2550K(2624K)
[2024-11-14T09:28:25.390+0000][gc          ] GC(0) Pause Young (Normal) (G1 Evacuation Pause) 52M->8M(1024M) 8.900ms
[2024-11-14T09:28:25.390+0000][gc,cpu      ] GC(0) User=0.01s Sys=0.01s Real=0.01s
[2024-11-14T09:28:25.519+0000][gc,start    ] GC(1) Pause Young (Concurrent Start) (Metadata GC Threshold)
[2024-11-14T09:28:25.519+0000][gc,task     ] GC(1) Using 2 workers of 2 for evacuation
[2024-11-14T09:28:25.527+0000][gc,phases   ] GC(1)   Pre Evacuate Collection Set: 0.2ms
[2024-11-14T09:28:25.527+0000][gc,phases   ] GC(1)   Merge Heap Roots: 0.0ms
[2024-11-14T09:28:25.527+0000][gc,phases   ] GC(1)   Evacuate Collection Set: 7.1ms
[2024-11-14T09:28:25.527+0000][gc,phases   ] GC(1)   Post Evacuate Collection Set: 0.4ms
[2024-11-14T09:28:25.527+0000][gc,phases   ] GC(1)   Other: 0.1ms
[2024-11-14T09:28:25.527+0000][gc,heap     ] GC(1) Eden regions: 7->0(49)
[2024-11-14T09:28:25.527+0000][gc,heap     ] GC(1) Survivor regions: 7->2(7)
[2024-11-14T09:28:25.527+0000][gc,heap     ] GC(1) Old regions: 2->9
[2024-11-14T09:28:25.527+0000][gc,heap     ] GC(1) Humongous regions: 129->129
[2024-11-14T09:28:25.527+0000][gc,metaspace] GC(1) Metaspace: 21303K(21504K)->21303K(21504K) NonClass: 18541K(18624K)->18541K(18624K) Class: 2761K(2880K)->2761K(2880K)
[2024-11-14T09:28:25.527+0000][gc          ] GC(1) Pause Young (Concurrent Start) (Metadata GC Threshold) 144M->138M(1024M) 7.937ms
[2024-11-14T09:28:25.527+0000][gc,cpu      ] GC(1) User=0.02s Sys=0.00s Real=0.01s
[2024-11-14T09:28:25.527+0000][gc          ] GC(2) Concurrent Mark Cycle
[2024-11-14T09:28:25.527+0000][gc,marking  ] GC(2) Concurrent Scan Root Regions
[2024-11-14T09:28:25.533+0000][gc,marking  ] GC(2) Concurrent Scan Root Regions 6.236ms
[2024-11-14T09:28:25.533+0000][gc,marking  ] GC(2) Concurrent Mark
[2024-11-14T09:28:25.533+0000][gc,marking  ] GC(2) Concurrent Mark From Roots
[2024-11-14T09:28:25.533+0000][gc,task     ] GC(2) Using 1 workers of 1 for marking
[2024-11-14T09:28:25.535+0000][gc,marking  ] GC(2) Concurrent Mark From Roots 1.880ms
[2024-11-14T09:28:25.535+0000][gc,marking  ] GC(2) Concurrent Preclean
[2024-11-14T09:28:25.535+0000][gc,marking  ] GC(2) Concurrent Preclean 0.011ms
[2024-11-14T09:28:25.536+0000][gc,start    ] GC(2) Pause Remark
[2024-11-14T09:28:25.538+0000][gc          ] GC(2) Pause Remark 139M->139M(1024M) 2.620ms
[2024-11-14T09:28:25.538+0000][gc,cpu      ] GC(2) User=0.01s Sys=0.00s Real=0.00s
[2024-11-14T09:28:25.538+0000][gc,marking  ] GC(2) Concurrent Mark 4.802ms
[2024-11-14T09:28:25.538+0000][gc,marking  ] GC(2) Concurrent Rebuild Remembered Sets and Scrub Regions
[2024-11-14T09:28:25.541+0000][gc,marking  ] GC(2) Concurrent Rebuild Remembered Sets and Scrub Regions 3.212ms
[2024-11-14T09:28:25.542+0000][gc,start    ] GC(2) Pause Cleanup
[2024-11-14T09:28:25.542+0000][gc          ] GC(2) Pause Cleanup 139M->139M(1024M) 0.148ms
[2024-11-14T09:28:25.542+0000][gc,cpu      ] GC(2) User=0.00s Sys=0.00s Real=0.00s
[2024-11-14T09:28:25.542+0000][gc,marking  ] GC(2) Concurrent Clear Claimed Marks
[2024-11-14T09:28:25.542+0000][gc,marking  ] GC(2) Concurrent Clear Claimed Marks 0.015ms
[2024-11-14T09:28:25.542+0000][gc,marking  ] GC(2) Concurrent Cleanup for Next Mark
[2024-11-14T09:28:25.551+0000][gc,marking  ] GC(2) Concurrent Cleanup for Next Mark 9.290ms
[2024-11-14T09:28:25.551+0000][gc          ] GC(2) Concurrent Mark Cycle 23.917ms
[2024-11-14T09:35:10.521+0000][gc,start    ] GC(3) Pause Young (Prepare Mixed) (G1 Evacuation Pause)
[2024-11-14T09:35:10.521+0000][gc,task     ] GC(3) Using 2 workers of 2 for evacuation
[2024-11-14T09:35:10.528+0000][gc,phases   ] GC(3)   Pre Evacuate Collection Set: 0.2ms
[2024-11-14T09:35:10.528+0000][gc,phases   ] GC(3)   Merge Heap Roots: 0.1ms
[2024-11-14T09:35:10.528+0000][gc,phases   ] GC(3)   Evacuate Collection Set: 6.4ms
[2024-11-14T09:35:10.528+0000][gc,phases   ] GC(3)   Post Evacuate Collection Set: 0.5ms
[2024-11-14T09:35:10.528+0000][gc,phases   ] GC(3)   Other: 0.1ms
[2024-11-14T09:35:10.528+0000][gc,heap     ] GC(3) Eden regions: 49->0(46)
[2024-11-14T09:35:10.528+0000][gc,heap     ] GC(3) Survivor regions: 2->5(7)
[2024-11-14T09:35:10.528+0000][gc,heap     ] GC(3) Old regions: 9->9
[2024-11-14T09:35:10.528+0000][gc,heap     ] GC(3) Humongous regions: 129->129
[2024-11-14T09:35:10.528+0000][gc,metaspace] GC(3) Metaspace: 33159K(33472K)->33159K(33472K) NonClass: 29340K(29504K)->29340K(29504K) Class: 3818K(3968K)->3818K(3968K)
[2024-11-14T09:35:10.528+0000][gc          ] GC(3) Pause Young (Prepare Mixed) (G1 Evacuation Pause) 187M->141M(1024M) 7.406ms
[2024-11-14T09:35:10.528+0000][gc,cpu      ] GC(3) User=0.01s Sys=0.00s Real=0.01s
[2024-11-14T10:06:11.025+0000][gc,start    ] GC(4) Pause Young (Mixed) (Metadata GC Threshold)
[2024-11-14T10:06:11.025+0000][gc,task     ] GC(4) Using 2 workers of 2 for evacuation
[2024-11-14T10:06:11.040+0000][gc,phases   ] GC(4)   Pre Evacuate Collection Set: 0.5ms
[2024-11-14T10:06:11.040+0000][gc,phases   ] GC(4)   Merge Heap Roots: 0.1ms
[2024-11-14T10:06:11.040+0000][gc,phases   ] GC(4)   Evacuate Collection Set: 13.3ms
[2024-11-14T10:06:11.040+0000][gc,phases   ] GC(4)   Post Evacuate Collection Set: 0.5ms
[2024-11-14T10:06:11.040+0000][gc,phases   ] GC(4)   Other: 0.1ms
[2024-11-14T10:06:11.040+0000][gc,heap     ] GC(4) Eden regions: 28->0(50)
[2024-11-14T10:06:11.040+0000][gc,heap     ] GC(4) Survivor regions: 5->1(7)
[2024-11-14T10:06:11.040+0000][gc,heap     ] GC(4) Old regions: 9->13
[2024-11-14T10:06:11.040+0000][gc,heap     ] GC(4) Humongous regions: 129->129
[2024-11-14T10:06:11.040+0000][gc,metaspace] GC(4) Metaspace: 35745K(36160K)->35745K(36160K) NonClass: 31522K(31744K)->31522K(31744K) Class: 4223K(4416K)->4223K(4416K)
[2024-11-14T10:06:11.040+0000][gc          ] GC(4) Pause Young (Mixed) (Metadata GC Threshold) 168M->142M(1024M) 14.534ms
[2024-11-14T10:06:11.040+0000][gc,cpu      ] GC(4) User=0.02s Sys=0.00s Real=0.01s
[2024-11-14T10:06:11.060+0000][gc,start    ] GC(5) Pause Young (Concurrent Start) (Metadata GC Threshold)
[2024-11-14T10:06:11.060+0000][gc,task     ] GC(5) Using 2 workers of 2 for evacuation
[2024-11-14T10:06:11.063+0000][gc,phases   ] GC(5)   Pre Evacuate Collection Set: 0.2ms
[2024-11-14T10:06:11.063+0000][gc,phases   ] GC(5)   Merge Heap Roots: 0.0ms
[2024-11-14T10:06:11.063+0000][gc,phases   ] GC(5)   Evacuate Collection Set: 1.7ms
[2024-11-14T10:06:11.063+0000][gc,phases   ] GC(5)   Post Evacuate Collection Set: 0.3ms
[2024-11-14T10:06:11.063+0000][gc,phases   ] GC(5)   Other: 0.1ms
[2024-11-14T10:06:11.063+0000][gc,heap     ] GC(5) Eden regions: 2->0(50)
[2024-11-14T10:06:11.063+0000][gc,heap     ] GC(5) Survivor regions: 1->1(7)
[2024-11-14T10:06:11.063+0000][gc,heap     ] GC(5) Old regions: 13->13
[2024-11-14T10:06:11.063+0000][gc,heap     ] GC(5) Humongous regions: 129->129
[2024-11-14T10:06:11.063+0000][gc,metaspace] GC(5) Metaspace: 36087K(36480K)->36087K(36480K) NonClass: 31815K(32064K)->31815K(32064K) Class: 4272K(4416K)->4272K(4416K)
[2024-11-14T10:06:11.063+0000][gc          ] GC(5) Pause Young (Concurrent Start) (Metadata GC Threshold) 144M->142M(1024M) 2.489ms
[2024-11-14T10:06:11.063+0000][gc,cpu      ] GC(5) User=0.01s Sys=0.00s Real=0.01s
[2024-11-14T10:06:11.063+0000][gc          ] GC(6) Concurrent Mark Cycle
[2024-11-14T10:06:11.063+0000][gc,marking  ] GC(6) Concurrent Scan Root Regions
[2024-11-14T10:06:11.064+0000][gc,marking  ] GC(6) Concurrent Scan Root Regions 1.076ms
[2024-11-14T10:06:11.064+0000][gc,marking  ] GC(6) Concurrent Mark
[2024-11-14T10:06:11.064+0000][gc,marking  ] GC(6) Concurrent Mark From Roots
[2024-11-14T10:06:11.064+0000][gc,task     ] GC(6) Using 1 workers of 1 for marking
[2024-11-14T10:06:11.094+0000][gc,marking  ] GC(6) Concurrent Mark From Roots 30.305ms
[2024-11-14T10:06:11.094+0000][gc,marking  ] GC(6) Concurrent Preclean
[2024-11-14T10:06:11.095+0000][gc,marking  ] GC(6) Concurrent Preclean 0.184ms
[2024-11-14T10:06:11.095+0000][gc,start    ] GC(6) Pause Remark
[2024-11-14T10:06:11.109+0000][gc          ] GC(6) Pause Remark 143M->143M(1024M) 14.103ms
[2024-11-14T10:06:11.109+0000][gc,cpu      ] GC(6) User=0.01s Sys=0.00s Real=0.01s
[2024-11-14T10:06:11.113+0000][gc,marking  ] GC(6) Concurrent Mark 49.023ms
[2024-11-14T10:06:11.113+0000][gc,marking  ] GC(6) Concurrent Rebuild Remembered Sets and Scrub Regions
[2024-11-14T10:06:11.126+0000][gc,marking  ] GC(6) Concurrent Rebuild Remembered Sets and Scrub Regions 12.419ms
[2024-11-14T10:06:11.126+0000][gc,start    ] GC(6) Pause Cleanup
[2024-11-14T10:06:11.126+0000][gc          ] GC(6) Pause Cleanup 144M->144M(1024M) 0.158ms
[2024-11-14T10:06:11.126+0000][gc,cpu      ] GC(6) User=0.00s Sys=0.00s Real=0.00s
[2024-11-14T10:06:11.126+0000][gc,marking  ] GC(6) Concurrent Clear Claimed Marks
[2024-11-14T10:06:11.126+0000][gc,marking  ] GC(6) Concurrent Clear Claimed Marks 0.031ms
[2024-11-14T10:06:11.126+0000][gc,marking  ] GC(6) Concurrent Cleanup for Next Mark
[2024-11-14T10:06:11.128+0000][gc,marking  ] GC(6) Concurrent Cleanup for Next Mark 1.574ms
[2024-11-14T10:06:11.128+0000][gc          ] GC(6) Concurrent Mark Cycle 64.672ms
[2024-11-14T10:15:29.133+0000][gc,start    ] GC(7) Pause Young (Prepare Mixed) (G1 Evacuation Pause)
[2024-11-14T10:15:29.133+0000][gc,task     ] GC(7) Using 2 workers of 2 for evacuation
[2024-11-14T10:15:29.139+0000][gc,phases   ] GC(7)   Pre Evacuate Collection Set: 0.2ms
[2024-11-14T10:15:29.139+0000][gc,phases   ] GC(7)   Merge Heap Roots: 0.1ms
[2024-11-14T10:15:29.139+0000][gc,phases   ] GC(7)   Evacuate Collection Set: 5.0ms
[2024-11-14T10:15:29.139+0000][gc,phases   ] GC(7)   Post Evacuate Collection Set: 0.5ms
[2024-11-14T10:15:29.139+0000][gc,phases   ] GC(7)   Other: 0.0ms
[2024-11-14T10:15:29.139+0000][gc,heap     ] GC(7) Eden regions: 50->0(48)
[2024-11-14T10:15:29.139+0000][gc,heap     ] GC(7) Survivor regions: 1->3(7)
[2024-11-14T10:15:29.139+0000][gc,heap     ] GC(7) Old regions: 13->13
[2024-11-14T10:15:29.139+0000][gc,heap     ] GC(7) Humongous regions: 129->129
[2024-11-14T10:15:29.139+0000][gc,metaspace] GC(7) Metaspace: 39039K(39552K)->39039K(39552K) NonClass: 34400K(34688K)->34400K(34688K) Class: 4639K(4864K)->4639K(4864K)
[2024-11-14T10:15:29.139+0000][gc          ] GC(7) Pause Young (Prepare Mixed) (G1 Evacuation Pause) 192M->144M(1024M) 5.909ms
[2024-11-14T10:15:29.139+0000][gc,cpu      ] GC(7) User=0.01s Sys=0.00s Real=0.00s
[2024-11-14T10:33:32.810+0000][gc,start    ] GC(8) Pause Young (Mixed) (G1 Evacuation Pause)
[2024-11-14T10:33:32.810+0000][gc,task     ] GC(8) Using 2 workers of 2 for evacuation
[2024-11-14T10:33:32.816+0000][gc,phases   ] GC(8)   Pre Evacuate Collection Set: 0.2ms
[2024-11-14T10:33:32.816+0000][gc,phases   ] GC(8)   Merge Heap Roots: 0.1ms
[2024-11-14T10:33:32.816+0000][gc,phases   ] GC(8)   Evacuate Collection Set: 5.7ms
[2024-11-14T10:33:32.816+0000][gc,phases   ] GC(8)   Post Evacuate Collection Set: 0.5ms
[2024-11-14T10:33:32.816+0000][gc,phases   ] GC(8)   Other: 0.0ms
[2024-11-14T10:33:32.816+0000][gc,heap     ] GC(8) Eden regions: 48->0(47)
[2024-11-14T10:33:32.816+0000][gc,heap     ] GC(8) Survivor regions: 3->4(7)
[2024-11-14T10:33:32.816+0000][gc,heap     ] GC(8) Old regions: 13->13
[2024-11-14T10:33:32.816+0000][gc,heap     ] GC(8) Humongous regions: 129->129
[2024-11-14T10:33:32.816+0000][gc,metaspace] GC(8) Metaspace: 39824K(40320K)->39824K(40320K) NonClass: 35147K(35456K)->35147K(35456K) Class: 4677K(4864K)->4677K(4864K)
[2024-11-14T10:33:32.816+0000][gc          ] GC(8) Pause Young (Mixed) (G1 Evacuation Pause) 192M->145M(1024M) 6.705ms
[2024-11-14T10:33:32.816+0000][gc,cpu      ] GC(8) User=0.01s Sys=0.00s Real=0.01s
[2024-11-14T11:10:57.075+0000][gc,start    ] GC(9) Pause Young (Normal) (G1 Evacuation Pause)
[2024-11-14T11:10:57.075+0000][gc,task     ] GC(9) Using 2 workers of 2 for evacuation
[2024-11-14T11:10:57.080+0000][gc,phases   ] GC(9)   Pre Evacuate Collection Set: 0.2ms
[2024-11-14T11:10:57.080+0000][gc,phases   ] GC(9)   Merge Heap Roots: 0.1ms
[2024-11-14T11:10:57.080+0000][gc,phases   ] GC(9)   Evacuate Collection Set: 4.4ms
[2024-11-14T11:10:57.080+0000][gc,phases   ] GC(9)   Post Evacuate Collection Set: 0.5ms
[2024-11-14T11:10:57.080+0000][gc,phases   ] GC(9)   Other: 0.0ms
[2024-11-14T11:10:57.080+0000][gc,heap     ] GC(9) Eden regions: 47->0(48)
[2024-11-14T11:10:57.080+0000][gc,heap     ] GC(9) Survivor regions: 4->3(7)
[2024-11-14T11:10:57.080+0000][gc,heap     ] GC(9) Old regions: 13->13
[2024-11-14T11:10:57.080+0000][gc,heap     ] GC(9) Humongous regions: 129->129
[2024-11-14T11:10:57.080+0000][gc,metaspace] GC(9) Metaspace: 39874K(40384K)->39874K(40384K) NonClass: 35197K(35520K)->35197K(35520K) Class: 4677K(4864K)->4677K(4864K)
[2024-11-14T11:10:57.080+0000][gc          ] GC(9) Pause Young (Normal) (G1 Evacuation Pause) 192M->144M(1024M) 5.334ms
[2024-11-14T11:10:57.080+0000][gc,cpu      ] GC(9) User=0.00s Sys=0.00s Real=0.00s
