[2024-11-15T09:01:30.829+0000][gc,init] CardTable entry size: 512
[2024-11-15T09:01:30.829+0000][gc     ] Using G1
[2024-11-15T09:01:30.835+0000][gc,init] Version: 21.0.4+7-LTS (release)
[2024-11-15T09:01:30.835+0000][gc,init] CPUs: 2 total, 2 available
[2024-11-15T09:01:30.835+0000][gc,init] Memory: 7928M
[2024-11-15T09:01:30.835+0000][gc,init] Large Page Support: Disabled
[2024-11-15T09:01:30.835+0000][gc,init] NUMA Support: Disabled
[2024-11-15T09:01:30.835+0000][gc,init] Compressed Oops: Enabled (32-bit)
[2024-11-15T09:01:30.835+0000][gc,init] Heap Region Size: 1M
[2024-11-15T09:01:30.835+0000][gc,init] Heap Min Capacity: 1G
[2024-11-15T09:01:30.835+0000][gc,init] Heap Initial Capacity: 1G
[2024-11-15T09:01:30.835+0000][gc,init] Heap Max Capacity: 1G
[2024-11-15T09:01:30.835+0000][gc,init] Pre-touch: Disabled
[2024-11-15T09:01:30.835+0000][gc,init] Parallel Workers: 2
[2024-11-15T09:01:30.835+0000][gc,init] Concurrent Workers: 1
[2024-11-15T09:01:30.835+0000][gc,init] Concurrent Refinement Workers: 2
[2024-11-15T09:01:30.835+0000][gc,init] Periodic GC: Disabled
[2024-11-15T09:01:30.841+0000][gc,metaspace] CDS archive(s) mapped at: [0x00007fc3db000000-0x00007fc3dbcae000-0x00007fc3dbcae000), size 13295616, SharedBaseAddress: 0x00007fc3db000000, ArchiveRelocationMode: 1.
[2024-11-15T09:01:30.841+0000][gc,metaspace] Compressed class space mapped at: 0x00007fc3dc000000-0x00007fc41c000000, reserved size: 1073741824
[2024-11-15T09:01:30.841+0000][gc,metaspace] Narrow klass base: 0x00007fc3db000000, Narrow klass shift: 0, Narrow klass range: 0x100000000
[2024-11-15T09:01:32.267+0000][gc,start    ] GC(0) Pause Young (Normal) (G1 Evacuation Pause)
[2024-11-15T09:01:32.267+0000][gc,task     ] GC(0) Using 2 workers of 2 for evacuation
[2024-11-15T09:01:32.285+0000][gc,phases   ] GC(0)   Pre Evacuate Collection Set: 0.2ms
[2024-11-15T09:01:32.285+0000][gc,phases   ] GC(0)   Merge Heap Roots: 0.1ms
[2024-11-15T09:01:32.285+0000][gc,phases   ] GC(0)   Evacuate Collection Set: 16.5ms
[2024-11-15T09:01:32.285+0000][gc,phases   ] GC(0)   Post Evacuate Collection Set: 1.1ms
[2024-11-15T09:01:32.285+0000][gc,phases   ] GC(0)   Other: 0.1ms
[2024-11-15T09:01:32.285+0000][gc,heap     ] GC(0) Eden regions: 51->0(44)
[2024-11-15T09:01:32.285+0000][gc,heap     ] GC(0) Survivor regions: 0->7(7)
[2024-11-15T09:01:32.285+0000][gc,heap     ] GC(0) Old regions: 2->2
[2024-11-15T09:01:32.285+0000][gc,heap     ] GC(0) Humongous regions: 0->0
[2024-11-15T09:01:32.285+0000][gc,metaspace] GC(0) Metaspace: 19828K(20032K)->19828K(20032K) NonClass: 17279K(17408K)->17279K(17408K) Class: 2548K(2624K)->2548K(2624K)
[2024-11-15T09:01:32.285+0000][gc          ] GC(0) Pause Young (Normal) (G1 Evacuation Pause) 52M->8M(1024M) 18.357ms
[2024-11-15T09:01:32.285+0000][gc,cpu      ] GC(0) User=0.01s Sys=0.00s Real=0.02s
[2024-11-15T09:01:32.418+0000][gc,start    ] GC(1) Pause Young (Concurrent Start) (Metadata GC Threshold)
[2024-11-15T09:01:32.418+0000][gc,task     ] GC(1) Using 2 workers of 2 for evacuation
[2024-11-15T09:01:32.427+0000][gc,phases   ] GC(1)   Pre Evacuate Collection Set: 0.2ms
[2024-11-15T09:01:32.427+0000][gc,phases   ] GC(1)   Merge Heap Roots: 0.0ms
[2024-11-15T09:01:32.427+0000][gc,phases   ] GC(1)   Evacuate Collection Set: 7.6ms
[2024-11-15T09:01:32.427+0000][gc,phases   ] GC(1)   Post Evacuate Collection Set: 0.4ms
[2024-11-15T09:01:32.427+0000][gc,phases   ] GC(1)   Other: 0.2ms
[2024-11-15T09:01:32.427+0000][gc,heap     ] GC(1) Eden regions: 7->0(49)
[2024-11-15T09:01:32.427+0000][gc,heap     ] GC(1) Survivor regions: 7->2(7)
[2024-11-15T09:01:32.427+0000][gc,heap     ] GC(1) Old regions: 2->9
[2024-11-15T09:01:32.427+0000][gc,heap     ] GC(1) Humongous regions: 129->129
[2024-11-15T09:01:32.427+0000][gc,metaspace] GC(1) Metaspace: 21273K(21504K)->21273K(21504K) NonClass: 18524K(18624K)->18524K(18624K) Class: 2748K(2880K)->2748K(2880K)
[2024-11-15T09:01:32.427+0000][gc          ] GC(1) Pause Young (Concurrent Start) (Metadata GC Threshold) 143M->138M(1024M) 8.865ms
[2024-11-15T09:01:32.427+0000][gc,cpu      ] GC(1) User=0.02s Sys=0.00s Real=0.01s
[2024-11-15T09:01:32.427+0000][gc          ] GC(2) Concurrent Mark Cycle
[2024-11-15T09:01:32.427+0000][gc,marking  ] GC(2) Concurrent Scan Root Regions
[2024-11-15T09:01:32.431+0000][gc,marking  ] GC(2) Concurrent Scan Root Regions 4.304ms
[2024-11-15T09:01:32.431+0000][gc,marking  ] GC(2) Concurrent Mark
[2024-11-15T09:01:32.431+0000][gc,marking  ] GC(2) Concurrent Mark From Roots
[2024-11-15T09:01:32.431+0000][gc,task     ] GC(2) Using 1 workers of 1 for marking
[2024-11-15T09:01:32.434+0000][gc,marking  ] GC(2) Concurrent Mark From Roots 2.626ms
[2024-11-15T09:01:32.434+0000][gc,marking  ] GC(2) Concurrent Preclean
[2024-11-15T09:01:32.434+0000][gc,marking  ] GC(2) Concurrent Preclean 0.019ms
[2024-11-15T09:01:32.434+0000][gc,start    ] GC(2) Pause Remark
[2024-11-15T09:01:32.437+0000][gc          ] GC(2) Pause Remark 139M->139M(1024M) 2.318ms
[2024-11-15T09:01:32.437+0000][gc,cpu      ] GC(2) User=0.00s Sys=0.00s Real=0.00s
[2024-11-15T09:01:32.437+0000][gc,marking  ] GC(2) Concurrent Mark 5.221ms
[2024-11-15T09:01:32.437+0000][gc,marking  ] GC(2) Concurrent Rebuild Remembered Sets and Scrub Regions
[2024-11-15T09:01:32.440+0000][gc,marking  ] GC(2) Concurrent Rebuild Remembered Sets and Scrub Regions 3.332ms
[2024-11-15T09:01:32.440+0000][gc,start    ] GC(2) Pause Cleanup
[2024-11-15T09:01:32.440+0000][gc          ] GC(2) Pause Cleanup 139M->139M(1024M) 0.152ms
[2024-11-15T09:01:32.440+0000][gc,cpu      ] GC(2) User=0.00s Sys=0.00s Real=0.00s
[2024-11-15T09:01:32.440+0000][gc,marking  ] GC(2) Concurrent Clear Claimed Marks
[2024-11-15T09:01:32.440+0000][gc,marking  ] GC(2) Concurrent Clear Claimed Marks 0.019ms
[2024-11-15T09:01:32.440+0000][gc,marking  ] GC(2) Concurrent Cleanup for Next Mark
[2024-11-15T09:01:32.466+0000][gc,marking  ] GC(2) Concurrent Cleanup for Next Mark 25.749ms
[2024-11-15T09:01:32.466+0000][gc          ] GC(2) Concurrent Mark Cycle 39.156ms
[2024-11-15T09:03:54.781+0000][gc,start    ] GC(3) Pause Young (Prepare Mixed) (G1 Evacuation Pause)
[2024-11-15T09:03:54.781+0000][gc,task     ] GC(3) Using 2 workers of 2 for evacuation
[2024-11-15T09:03:54.791+0000][gc,phases   ] GC(3)   Pre Evacuate Collection Set: 0.2ms
[2024-11-15T09:03:54.791+0000][gc,phases   ] GC(3)   Merge Heap Roots: 0.1ms
[2024-11-15T09:03:54.791+0000][gc,phases   ] GC(3)   Evacuate Collection Set: 9.9ms
[2024-11-15T09:03:54.792+0000][gc,phases   ] GC(3)   Post Evacuate Collection Set: 0.5ms
[2024-11-15T09:03:54.792+0000][gc,phases   ] GC(3)   Other: 0.1ms
[2024-11-15T09:03:54.792+0000][gc,heap     ] GC(3) Eden regions: 49->0(45)
[2024-11-15T09:03:54.792+0000][gc,heap     ] GC(3) Survivor regions: 2->6(7)
[2024-11-15T09:03:54.792+0000][gc,heap     ] GC(3) Old regions: 9->9
[2024-11-15T09:03:54.792+0000][gc,heap     ] GC(3) Humongous regions: 129->129
[2024-11-15T09:03:54.792+0000][gc,metaspace] GC(3) Metaspace: 33527K(33856K)->33527K(33856K) NonClass: 29632K(29824K)->29632K(29824K) Class: 3895K(4032K)->3895K(4032K)
[2024-11-15T09:03:54.792+0000][gc          ] GC(3) Pause Young (Prepare Mixed) (G1 Evacuation Pause) 187M->142M(1024M) 11.097ms
[2024-11-15T09:03:54.792+0000][gc,cpu      ] GC(3) User=0.02s Sys=0.00s Real=0.01s
[2024-11-15T09:04:34.470+0000][gc,start    ] GC(4) Pause Young (Mixed) (Metadata GC Threshold)
[2024-11-15T09:04:34.470+0000][gc,task     ] GC(4) Using 2 workers of 2 for evacuation
[2024-11-15T09:04:34.478+0000][gc,phases   ] GC(4)   Pre Evacuate Collection Set: 0.3ms
[2024-11-15T09:04:34.478+0000][gc,phases   ] GC(4)   Merge Heap Roots: 0.1ms
[2024-11-15T09:04:34.478+0000][gc,phases   ] GC(4)   Evacuate Collection Set: 7.5ms
[2024-11-15T09:04:34.478+0000][gc,phases   ] GC(4)   Post Evacuate Collection Set: 0.5ms
[2024-11-15T09:04:34.478+0000][gc,phases   ] GC(4)   Other: 0.0ms
[2024-11-15T09:04:34.478+0000][gc,heap     ] GC(4) Eden regions: 11->0(50)
[2024-11-15T09:04:34.479+0000][gc,heap     ] GC(4) Survivor regions: 6->1(7)
[2024-11-15T09:04:34.479+0000][gc,heap     ] GC(4) Old regions: 9->13
[2024-11-15T09:04:34.479+0000][gc,heap     ] GC(4) Humongous regions: 129->129
[2024-11-15T09:04:34.479+0000][gc,metaspace] GC(4) Metaspace: 35577K(35968K)->35577K(35968K) NonClass: 31352K(31552K)->31352K(31552K) Class: 4225K(4416K)->4225K(4416K)
[2024-11-15T09:04:34.479+0000][gc          ] GC(4) Pause Young (Mixed) (Metadata GC Threshold) 152M->142M(1024M) 8.608ms
[2024-11-15T09:04:34.479+0000][gc,cpu      ] GC(4) User=0.01s Sys=0.00s Real=0.01s
[2024-11-15T09:06:08.884+0000][gc,start    ] GC(5) Pause Young (Concurrent Start) (Metadata GC Threshold)
[2024-11-15T09:06:08.884+0000][gc,task     ] GC(5) Using 2 workers of 2 for evacuation
[2024-11-15T09:06:08.887+0000][gc,phases   ] GC(5)   Pre Evacuate Collection Set: 0.2ms
[2024-11-15T09:06:08.887+0000][gc,phases   ] GC(5)   Merge Heap Roots: 0.0ms
[2024-11-15T09:06:08.887+0000][gc,phases   ] GC(5)   Evacuate Collection Set: 2.1ms
[2024-11-15T09:06:08.887+0000][gc,phases   ] GC(5)   Post Evacuate Collection Set: 0.4ms
[2024-11-15T09:06:08.887+0000][gc,phases   ] GC(5)   Other: 0.1ms
[2024-11-15T09:06:08.887+0000][gc,heap     ] GC(5) Eden regions: 7->0(49)
[2024-11-15T09:06:08.887+0000][gc,heap     ] GC(5) Survivor regions: 1->2(7)
[2024-11-15T09:06:08.887+0000][gc,heap     ] GC(5) Old regions: 13->13
[2024-11-15T09:06:08.887+0000][gc,heap     ] GC(5) Humongous regions: 129->129
[2024-11-15T09:06:08.887+0000][gc,metaspace] GC(5) Metaspace: 35901K(36288K)->35901K(36288K) NonClass: 31675K(31872K)->31675K(31872K) Class: 4225K(4416K)->4225K(4416K)
[2024-11-15T09:06:08.888+0000][gc          ] GC(5) Pause Young (Concurrent Start) (Metadata GC Threshold) 148M->142M(1024M) 3.153ms
[2024-11-15T09:06:08.888+0000][gc,cpu      ] GC(5) User=0.01s Sys=0.00s Real=0.00s
[2024-11-15T09:06:08.888+0000][gc          ] GC(6) Concurrent Mark Cycle
[2024-11-15T09:06:08.888+0000][gc,marking  ] GC(6) Concurrent Scan Root Regions
[2024-11-15T09:06:08.889+0000][gc,marking  ] GC(6) Concurrent Scan Root Regions 1.254ms
[2024-11-15T09:06:08.889+0000][gc,marking  ] GC(6) Concurrent Mark
[2024-11-15T09:06:08.889+0000][gc,marking  ] GC(6) Concurrent Mark From Roots
[2024-11-15T09:06:08.889+0000][gc,task     ] GC(6) Using 1 workers of 1 for marking
[2024-11-15T09:06:08.902+0000][gc,marking  ] GC(6) Concurrent Mark From Roots 13.235ms
[2024-11-15T09:06:08.902+0000][gc,marking  ] GC(6) Concurrent Preclean
[2024-11-15T09:06:08.902+0000][gc,marking  ] GC(6) Concurrent Preclean 0.042ms
[2024-11-15T09:06:08.902+0000][gc,start    ] GC(6) Pause Remark
[2024-11-15T09:06:08.906+0000][gc          ] GC(6) Pause Remark 143M->143M(1024M) 3.861ms
[2024-11-15T09:06:08.906+0000][gc,cpu      ] GC(6) User=0.00s Sys=0.00s Real=0.00s
[2024-11-15T09:06:08.906+0000][gc,marking  ] GC(6) Concurrent Mark 17.316ms
[2024-11-15T09:06:08.906+0000][gc,marking  ] GC(6) Concurrent Rebuild Remembered Sets and Scrub Regions
[2024-11-15T09:06:08.911+0000][gc,marking  ] GC(6) Concurrent Rebuild Remembered Sets and Scrub Regions 4.705ms
[2024-11-15T09:06:08.911+0000][gc,start    ] GC(6) Pause Cleanup
[2024-11-15T09:06:08.911+0000][gc          ] GC(6) Pause Cleanup 143M->143M(1024M) 0.150ms
[2024-11-15T09:06:08.911+0000][gc,cpu      ] GC(6) User=0.00s Sys=0.00s Real=0.01s
[2024-11-15T09:06:08.911+0000][gc,marking  ] GC(6) Concurrent Clear Claimed Marks
[2024-11-15T09:06:08.911+0000][gc,marking  ] GC(6) Concurrent Clear Claimed Marks 0.025ms
[2024-11-15T09:06:08.911+0000][gc,marking  ] GC(6) Concurrent Cleanup for Next Mark
[2024-11-15T09:06:08.913+0000][gc,marking  ] GC(6) Concurrent Cleanup for Next Mark 1.396ms
[2024-11-15T09:06:08.913+0000][gc          ] GC(6) Concurrent Mark Cycle 25.121ms
[2024-11-15T09:28:47.514+0000][gc,start    ] GC(7) Pause Young (Prepare Mixed) (G1 Evacuation Pause)
[2024-11-15T09:28:47.514+0000][gc,task     ] GC(7) Using 2 workers of 2 for evacuation
[2024-11-15T09:28:47.522+0000][gc,phases   ] GC(7)   Pre Evacuate Collection Set: 0.2ms
[2024-11-15T09:28:47.522+0000][gc,phases   ] GC(7)   Merge Heap Roots: 0.1ms
[2024-11-15T09:28:47.522+0000][gc,phases   ] GC(7)   Evacuate Collection Set: 7.1ms
[2024-11-15T09:28:47.522+0000][gc,phases   ] GC(7)   Post Evacuate Collection Set: 0.5ms
[2024-11-15T09:28:47.522+0000][gc,phases   ] GC(7)   Other: 0.1ms
[2024-11-15T09:28:47.522+0000][gc,heap     ] GC(7) Eden regions: 49->0(46)
[2024-11-15T09:28:47.522+0000][gc,heap     ] GC(7) Survivor regions: 2->5(7)
[2024-11-15T09:28:47.522+0000][gc,heap     ] GC(7) Old regions: 13->13
[2024-11-15T09:28:47.522+0000][gc,heap     ] GC(7) Humongous regions: 129->129
[2024-11-15T09:28:47.523+0000][gc,metaspace] GC(7) Metaspace: 38759K(39232K)->38759K(39232K) NonClass: 34242K(34496K)->34242K(34496K) Class: 4517K(4736K)->4517K(4736K)
[2024-11-15T09:28:47.523+0000][gc          ] GC(7) Pause Young (Prepare Mixed) (G1 Evacuation Pause) 191M->146M(1024M) 8.228ms
[2024-11-15T09:28:47.523+0000][gc,cpu      ] GC(7) User=0.01s Sys=0.00s Real=0.01s
