[2024-11-15T09:01:14.961+0000][gc,init] CardTable entry size: 512
[2024-11-15T09:01:14.961+0000][gc     ] Using G1
[2024-11-15T09:01:14.965+0000][gc,init] Version: 21.0.4+7-LTS (release)
[2024-11-15T09:01:14.965+0000][gc,init] CPUs: 2 total, 2 available
[2024-11-15T09:01:14.965+0000][gc,init] Memory: 7928M
[2024-11-15T09:01:14.965+0000][gc,init] Large Page Support: Disabled
[2024-11-15T09:01:14.965+0000][gc,init] NUMA Support: Disabled
[2024-11-15T09:01:14.965+0000][gc,init] Compressed Oops: Enabled (32-bit)
[2024-11-15T09:01:14.965+0000][gc,init] Heap Region Size: 1M
[2024-11-15T09:01:14.965+0000][gc,init] Heap Min Capacity: 512M
[2024-11-15T09:01:14.965+0000][gc,init] Heap Initial Capacity: 512M
[2024-11-15T09:01:14.965+0000][gc,init] Heap Max Capacity: 512M
[2024-11-15T09:01:14.965+0000][gc,init] Pre-touch: Disabled
[2024-11-15T09:01:14.965+0000][gc,init] Parallel Workers: 2
[2024-11-15T09:01:14.965+0000][gc,init] Concurrent Workers: 1
[2024-11-15T09:01:14.965+0000][gc,init] Concurrent Refinement Workers: 2
[2024-11-15T09:01:14.965+0000][gc,init] Periodic GC: Disabled
[2024-11-15T09:01:14.971+0000][gc,metaspace] CDS archive(s) mapped at: [0x00007b2543000000-0x00007b2543cae000-0x00007b2543cae000), size 13295616, SharedBaseAddress: 0x00007b2543000000, ArchiveRelocationMode: 1.
[2024-11-15T09:01:14.971+0000][gc,metaspace] Compressed class space mapped at: 0x00007b2544000000-0x00007b2584000000, reserved size: 1073741824
[2024-11-15T09:01:14.971+0000][gc,metaspace] Narrow klass base: 0x00007b2543000000, Narrow klass shift: 0, Narrow klass range: 0x100000000
[2024-11-15T09:22:31.768+0000][gc,start    ] GC(0) Pause Young (Normal) (G1 Evacuation Pause)
[2024-11-15T09:22:31.768+0000][gc,task     ] GC(0) Using 2 workers of 2 for evacuation
[2024-11-15T09:22:31.774+0000][gc,phases   ] GC(0)   Pre Evacuate Collection Set: 0.1ms
[2024-11-15T09:22:31.775+0000][gc,phases   ] GC(0)   Merge Heap Roots: 0.0ms
[2024-11-15T09:22:31.775+0000][gc,phases   ] GC(0)   Evacuate Collection Set: 6.1ms
[2024-11-15T09:22:31.775+0000][gc,phases   ] GC(0)   Post Evacuate Collection Set: 0.4ms
[2024-11-15T09:22:31.775+0000][gc,phases   ] GC(0)   Other: 0.1ms
[2024-11-15T09:22:31.775+0000][gc,heap     ] GC(0) Eden regions: 25->0(21)
[2024-11-15T09:22:31.775+0000][gc,heap     ] GC(0) Survivor regions: 0->4(4)
[2024-11-15T09:22:31.775+0000][gc,heap     ] GC(0) Old regions: 2->4
[2024-11-15T09:22:31.775+0000][gc,heap     ] GC(0) Humongous regions: 0->0
[2024-11-15T09:22:31.775+0000][gc,metaspace] GC(0) Metaspace: 8686K(8960K)->8686K(8960K) NonClass: 7794K(7936K)->7794K(7936K) Class: 891K(1024K)->891K(1024K)
[2024-11-15T09:22:31.775+0000][gc          ] GC(0) Pause Young (Normal) (G1 Evacuation Pause) 26M->6M(512M) 6.941ms
[2024-11-15T09:22:31.775+0000][gc,cpu      ] GC(0) User=0.02s Sys=0.00s Real=0.01s
